// Jest Snapshot v1, https://goo.gl/fbAQLP

exports[`AndroidBackHandler renders renders with minimum required props 1`] = `null`;
