// Jest Snapshot v1, https://goo.gl/fbAQLP

exports[`Menu renders renders with minimum required props 1`] = `
<View
  collapsable={false}
>
  <View>
    <View
      accessible={true}
      isTVSelectable={true}
      onResponderGrant={[Function]}
      onResponderMove={[Function]}
      onResponderRelease={[Function]}
      onResponderTerminate={[Function]}
      onResponderTerminationRequest={[Function]}
      onStartShouldSetResponder={[Function]}
      style={
        Object {
          "opacity": 1,
        }
      }
    >
      <Text
        allowFontScaling={false}
        style={
          Array [
            Object {
              "color": undefined,
              "fontSize": 12,
            },
            Array [
              Object {
                "color": undefined,
                "fontSize": 24,
              },
              undefined,
            ],
            Object {
              "fontFamily": "Material Icons",
              "fontStyle": "normal",
              "fontWeight": "normal",
            },
            Object {},
          ]
        }
      >
        î—’
      </Text>
    </View>
  </View>
  <Modal
    hardwareAccelerated={false}
    onDismiss={[Function]}
    onRequestClose={[Function]}
    supportedOrientations={
      Array [
        "portrait",
        "portrait-upside-down",
        "landscape",
        "landscape-left",
        "landscape-right",
      ]
    }
    transparent={true}
    visible={false}
  >
    <View
      accessible={false}
      onResponderGrant={[Function]}
      onResponderMove={[Function]}
      onResponderRelease={[Function]}
      onResponderTerminate={[Function]}
      onResponderTerminationRequest={[Function]}
      onStartShouldSetResponder={[Function]}
      style={
        Object {
          "bottom": 0,
          "left": 0,
          "position": "absolute",
          "right": 0,
          "top": 0,
        }
      }
    >
      <View
        onLayout={[Function]}
        style={
          Object {
            "backgroundColor": "white",
            "borderRadius": 4,
            "left": 8,
            "opacity": 0,
            "position": "absolute",
            "shadowColor": "black",
            "shadowOffset": Object {
              "height": 2,
              "width": 0,
            },
            "shadowOpacity": 0.14,
            "shadowRadius": 2,
            "top": 8,
            "transform": Array [],
          }
        }
      >
        <View
          style={
            Object {
              "overflow": "hidden",
            }
          }
        >
          <View
            accessible={true}
            isTVSelectable={true}
            onResponderGrant={[Function]}
            onResponderMove={[Function]}
            onResponderRelease={[Function]}
            onResponderTerminate={[Function]}
            onResponderTerminationRequest={[Function]}
            onStartShouldSetResponder={[Function]}
            style={null}
            testID="menu.item.Foo"
          >
            <View
              style={
                Array [
                  Object {
                    "height": 48,
                    "justifyContent": "center",
                    "maxWidth": 248,
                    "minWidth": 124,
                  },
                  Array [
                    undefined,
                    undefined,
                  ],
                ]
              }
            >
              <Text
                ellipsizeMode="clip"
                numberOfLines={1}
                style={
                  Array [
                    Object {
                      "fontSize": 14,
                      "fontWeight": "400",
                      "paddingHorizontal": 16,
                    },
                    false,
                    Array [
                      Object {},
                      undefined,
                    ],
                  ]
                }
              >
                Foo
              </Text>
            </View>
          </View>
          <View
            accessible={true}
            isTVSelectable={true}
            onResponderGrant={[Function]}
            onResponderMove={[Function]}
            onResponderRelease={[Function]}
            onResponderTerminate={[Function]}
            onResponderTerminationRequest={[Function]}
            onStartShouldSetResponder={[Function]}
            style={null}
            testID="menu.item.Bar"
          >
            <View
              style={
                Array [
                  Object {
                    "height": 48,
                    "justifyContent": "center",
                    "maxWidth": 248,
                    "minWidth": 124,
                  },
                  Array [
                    undefined,
                    undefined,
                  ],
                ]
              }
            >
              <Text
                ellipsizeMode="clip"
                numberOfLines={1}
                style={
                  Array [
                    Object {
                      "fontSize": 14,
                      "fontWeight": "400",
                      "paddingHorizontal": 16,
                    },
                    false,
                    Array [
                      Object {},
                      undefined,
                    ],
                  ]
                }
              >
                Bar
              </Text>
            </View>
          </View>
        </View>
      </View>
    </View>
  </Modal>
</View>
`;
