// Jest Snapshot v1, https://goo.gl/fbAQLP

exports[`LocationHandler methods should handle getLocationPermission 1`] = `
[MockFunction] {
  "calls": Array [
    Array [
      Object {
        "meta": Object {
          "nextAction": Object {
            "type": "getDeviceLocation",
          },
        },
        "payload": Object {
          "permission": "location",
        },
        "type": "checkAndRequestPermission",
      },
    ],
    Array [
      Object {
        "meta": Object {
          "nextAction": Object {
            "type": "getDeviceLocation",
          },
        },
        "payload": Object {
          "permission": "location",
        },
        "type": "checkAndRequestPermission",
      },
    ],
  ],
  "results": Array [
    Object {
      "type": "return",
      "value": undefined,
    },
    Object {
      "type": "return",
      "value": undefined,
    },
  ],
}
`;

exports[`LocationHandler renders renders 1`] = `null`;
