// Jest Snapshot v1, https://goo.gl/fbAQLP

exports[`DatabaseHandler renders with all props 1`] = `null`;

exports[`DatabaseHandler renders with minimum required props 1`] = `null`;
